// Jest Snapshot v1, https://goo.gl/fbAQLP

exports[`useStore test suite should be able to snapshot 1`] = `
<h1>
  value
</h1>
`;
